

(lldb) disassemble --pc
libFShell.so`ArtLoader::loadFromMemory_9:
->  0xdb42ca6c <+0>: push   {r4, r5, r6, r7, lr}
    0xdb42ca6e <+2>: add    r7, sp, #0xc
    0xdb42ca70 <+4>: push.w {r8, r9, r10, r11}
    0xdb42ca74 <+8>: sub.w  sp, sp, #0x20c
(lldb) register read sp
      sp = 0xffdcc948
(lldb) memory read/4xw 0xffdcc928 -c 64
0xffdcc928: 0x00000000 0xf5332d1d 0xffdcc940 0xdb42ca45
0xffdcc938: 0x00000000 0x00000000 0xffdcca38 0xdb42a3cd
0xffdcc948: 0xdb450f17 0xffdcca50 0xf3813480 0xf3873000
0xffdcc958: 0xf3813480 0xf379d3e0 0xf3873000 0x00000043
0xffdcc968: 0x00000043 0xdc120800 0xf3813480 0x00000079
0xffdcc978: 0x00000079 0xf3779e8c 0xa1836ff3 0x00000043
0xffdcc988: 0xf3873000 0xdc17313b 0x00000000 0x00000001
0xffdcc998: 0xf3813480 0xffdcca4c 0xffdcca50 0xa1836ff3
0xffdcc9a8: 0x00000079 0xf3873000 0xf38730a4 0xf3813480
0xffdcc9b8: 0xf372948e 0xf36781f3 0x00000043 0x00000079
0xffdcc9c8: 0xf743c4e4 0x00000001 0xf3813480 0x00000001
0xffdcc9d8: 0xf4bab020 0xed62b140 0x00430000 0x00000000
0xffdcc9e8: 0x00000000 0x00000001 0xebe04980 0xffdcca50
0xffdcc9f8: 0xffdcca4c 0xf3813480 0xa1836ff3 0xdbf122a0
0xffdcca08: 0xdc1228d5 0xffdcca38 0x005b0000 0x00430000
0xffdcca18: 0xa1836ff3 0xf4bab104 0x00000002 0x000006f4
(lldb) register read --all
General Purpose Registers:
        r0 = 0xf59a0000
        r1 = 0x000006f4
        r2 = 0x00000000
        r3 = 0xf743c918  linker`__dl__ZZ23__libc_init_main_threadR19KernelArgumentBlockE11main_thread + 1156
        r4 = 0xdb450f05  
        r5 = 0x00000002
        r6 = 0x00000000
        r7 = 0xffdcca38
        r8 = 0x00000000
        r9 = 0xf3873000
       r10 = 0xffdccb40
       r11 = 0xffdccacc
       r12 = 0xdb459af4  libFShell.so`_GLOBAL_OFFSET_TABLE_ + 848
        sp = 0xffdcc948
        lr = 0xdb42a3db  libFShell.so`ProxyApplication::attachBaseContext(_JNIEnv*, _jobject*, _jobject*) + 147 at ProxyApplication.cpp:76
        pc = 0xdb42ca6c  libFShell.so`ArtLoader::loadFromMemory_9(unsigned char const*, unsigned int) at ArtLoader.cpp:61
      cpsr = 0x600f0030

Floating Point Registers:
        s0 = 0
        s1 = 0
        s2 = 0
        s3 = 0
        s4 = 0
        s5 = 0
        s6 = 0
        s7 = 0
        s8 = 0
        s9 = 0
       s10 = 0
       s11 = 0
       s12 = 0
       s13 = 0
       s14 = 0
       s15 = 0
       s16 = 0
       s17 = 0
       s18 = 0
       s19 = 0
       s20 = 0
       s21 = 0
       s22 = 0
       s23 = 0
       s24 = 0
       s25 = 0
       s26 = 0
       s27 = 0
       s28 = 0
       s29 = 0
       s30 = 0
       s31 = 0
     fpscr = 0x20000013
        d0 = 0
        d1 = 0
        d2 = 0
        d3 = 0
        d4 = 0
        d5 = 0
        d6 = 0
        d7 = 0
        d8 = 0
        d9 = 0
       d10 = 0
       d11 = 0
       d12 = 0
       d13 = 0
       d14 = 0
       d15 = 0
       d16 = 6.5781920397516e-85
       d17 = 6.57819203975162e-85
       d18 = 2.93744652974871e-306
       d19 = 1.06516012187209e-314
       d20 = 5.92878775009496e-323
       d21 = 4.94065645841247e-324
       d22 = 8.06358400571744e-313
       d23 = 4.2439916372659e-314
       d24 = 0
       d25 = 3.23785921002061e-319
       d26 = 1.98279286713487e-310
       d27 = 5.45947077186185e-310
       d28 = 8.72140270289788e-312
       d29 = 8.72140270289788e-312
       d30 = 2.96439387504748e-323
       d31 = 1.1586097021368e-311
        q0 = {0x00 0x00 0x00 0x00 0x00 0x00 0x00 0x00 0x00 0x00 0x00 0x00 0x00 0x00 0x00 0x00}
        q1 = {0x00 0x00 0x00 0x00 0x00 0x00 0x00 0x00 0x00 0x00 0x00 0x00 0x00 0x00 0x00 0x00}
        q2 = {0x00 0x00 0x00 0x00 0x00 0x00 0x00 0x00 0x00 0x00 0x00 0x00 0x00 0x00 0x00 0x00}
        q3 = {0x00 0x00 0x00 0x00 0x00 0x00 0x00 0x00 0x00 0x00 0x00 0x00 0x00 0x00 0x00 0x00}
        q4 = {0x00 0x00 0x00 0x00 0x00 0x00 0x00 0x00 0x00 0x00 0x00 0x00 0x00 0x00 0x00 0x00}
        q5 = {0x00 0x00 0x00 0x00 0x00 0x00 0x00 0x00 0x00 0x00 0x00 0x00 0x00 0x00 0x00 0x00}
        q6 = {0x00 0x00 0x00 0x00 0x00 0x00 0x00 0x00 0x00 0x00 0x00 0x00 0x00 0x00 0x00 0x00}
        q7 = {0x00 0x00 0x00 0x00 0x00 0x00 0x00 0x00 0x00 0x00 0x00 0x00 0x00 0x00 0x00 0x00}
        q8 = {0x12 0x6c 0x69 0x62 0x61 0x72 0x74 0x2e 0x22 0x6c 0x69 0x62 0x61 0x72 0x74 0x2e}
        q9 = {0x80 0x00 0x01 0x81 0x80 0x80 0x80 0x00 0xf8 0x8b 0x80 0x80 0x00 0x00 0x00 0x00}
       q10 = {0x0c 0x00 0x00 0x00 0x00 0x00 0x00 0x00 0x01 0x00 0x00 0x00 0x00 0x00 0x00 0x00}
       q11 = {0x01 0x00 0x00 0x00 0x26 0x00 0x00 0x00 0x70 0x00 0x00 0x00 0x02 0x00 0x00 0x00}
       q12 = {0x00 0x00 0x00 0x00 0x00 0x00 0x00 0x00 0xff 0xff 0x00 0x00 0x00 0x00 0x00 0x00}
       q13 = {0x80 0x04 0x00 0x00 0x80 0x24 0x00 0x00 0x80 0x44 0x00 0x00 0x80 0x64 0x00 0x00}
       q14 = {0x9b 0x01 0x00 0x00 0x9b 0x01 0x00 0x00 0x9b 0x01 0x00 0x00 0x9b 0x01 0x00 0x00}
       q15 = {0x06 0x00 0x00 0x00 0x00 0x00 0x00 0x00 0x22 0x02 0x00 0x00 0x22 0x02 0x00 0x00}

(lldb) si
(lldb) register read sp
      sp = 0xffdcc934
(lldb) memory read/4xw 0xffdcc928 -c 64; push   {r4, r5, r6, r7, lr} 入栈顺序为从右到左
0xffdcc928: 0x00000000 0xf5332d1d 0xffdcc940 0xdb450f05
0xffdcc938: 0x00000002 0x00000000 0xffdcca38 0xdb42a3db
0xffdcc948: 0xdb450f17 0xffdcca50 0xf3813480 0xf3873000
0xffdcc958: 0xf3813480 0xf379d3e0 0xf3873000 0x00000043
0xffdcc968: 0x00000043 0xdc120800 0xf3813480 0x00000079
0xffdcc978: 0x00000079 0xf3779e8c 0xa1836ff3 0x00000043
0xffdcc988: 0xf3873000 0xdc17313b 0x00000000 0x00000001
0xffdcc998: 0xf3813480 0xffdcca4c 0xffdcca50 0xa1836ff3
0xffdcc9a8: 0x00000079 0xf3873000 0xf38730a4 0xf3813480
0xffdcc9b8: 0xf372948e 0xf36781f3 0x00000043 0x00000079
0xffdcc9c8: 0xf743c4e4 0x00000001 0xf3813480 0x00000001
0xffdcc9d8: 0xf4bab020 0xed62b140 0x00430000 0x00000000
0xffdcc9e8: 0x00000000 0x00000001 0xebe04980 0xffdcca50
0xffdcc9f8: 0xffdcca4c 0xf3813480 0xa1836ff3 0xdbf122a0
0xffdcca08: 0xdc1228d5 0xffdcca38 0x005b0000 0x00430000
0xffdcca18: 0xa1836ff3 0xf4bab104 0x00000002 0x000006f4

(lldb) register read r7
      r7 = 0xffdcc940
(lldb) register read sp
      sp = 0xffdcc934
(lldb) disassemble --pc
libFShell.so`ArtLoader::loadFromMemory_9:
->  0xdb42ca70 <+4>:  push.w {r8, r9, r10, r11}
    0xdb42ca74 <+8>:  sub.w  sp, sp, #0x20c
    0xdb42ca78 <+12>: mov    r2, r1
    0xdb42ca7a <+14>: mov    r3, r0
(lldb) si
(lldb) register read sp
      sp = 0xffdcc924
(lldb) memory read/4xw 0xffdcc908 -c 64
0xffdcc908: 0x00000000 0x00000000 0xdb45181b 0xffdcc940
0xffdcc918: 0x00000000 0xf737a5e7 0xdb450f05 0x00000000
0xffdcc928: 0xf3873000 0xffdccb40 0xffdccacc 0xdb450f05
0xffdcc938: 0x00000002 0x00000000 0xffdcca38 0xdb42a3db
0xffdcc948: 0xdb450f17 0xffdcca50 0xf3813480 0xf3873000
0xffdcc958: 0xf3813480 0xf379d3e0 0xf3873000 0x00000043
0xffdcc968: 0x00000043 0xdc120800 0xf3813480 0x00000079
0xffdcc978: 0x00000079 0xf3779e8c 0xa1836ff3 0x00000043
0xffdcc988: 0xf3873000 0xdc17313b 0x00000000 0x00000001
0xffdcc998: 0xf3813480 0xffdcca4c 0xffdcca50 0xa1836ff3
0xffdcc9a8: 0x00000079 0xf3873000 0xf38730a4 0xf3813480
0xffdcc9b8: 0xf372948e 0xf36781f3 0x00000043 0x00000079
0xffdcc9c8: 0xf743c4e4 0x00000001 0xf3813480 0x00000001
0xffdcc9d8: 0xf4bab020 0xed62b140 0x00430000 0x00000000
0xffdcc9e8: 0x00000000 0x00000001 0xebe04980 0xffdcca50
0xffdcc9f8: 0xffdcca4c 0xf3813480 0xa1836ff3 0xdbf122a0


(lldb) disassemble --pc
libFShell.so`ArtLoader::loadFromMemory_9:
->  0xdb42ca74 <+8>:  sub.w  sp, sp, #0x20c
    0xdb42ca78 <+12>: mov    r2, r1
    0xdb42ca7a <+14>: mov    r3, r0
    0xdb42ca7c <+16>: ldr    r4, [pc, #0x380]
(lldb) register read sp
      sp = 0xffdcc924
(lldb) si
(lldb) register read sp
      sp = 0xffdcc718
(lldb) memory read/4xw 0xffdcc718 -c 150
0xffdcc718: 0x20710014 0x00100003 0x0000000e 0x00010003
0xffdcc728: 0x00000002 0x0000051c 0x0000000b 0x0002106f
0xffdcc738: 0x001a0002 0x011a0004 0x20710015 0x00100003
0xffdcc748: 0x0000000e 0x81070101 0x00808480 0x80808aa4
0xffdcc758: 0x80840a00 0xbc008080 0x0080808a 0x02010000
0xffdcc768: 0x8480810c 0x8bb80080 0x0d008080 0x80808084
0xffdcc778: 0x808bd000 0x81010080 0x00808080 0x80808bf8
0xffdcc788: 0x00000000 0x0000000c 0x00000000 0x00000001
0xffdcc798: 0x00000000 0x00000001 0x00000026 0x00000070
0xffdcc7a8: 0x00000002 0x0000000d 0x00000108 0x00000003
0xffdcc7b8: 0x00000008 0x0000013c 0x00000005 0x0000000f
0xffdcc7c8: 0x0000019c 0x00000006 0x00000002 0x00000214
0xffdcc7d8: 0x00002002 0x00000026 0x00000254 0x00001001
0xffdcc7e8: 0x00000005 0xf743da38 0x00000000 0xf72ec8f6
0xffdcc7f8: 0xf731a094 0x00000002 0xf72ec8f8 0xf731a0b0
0xffdcc808: 0xf731a000 0xf740ed57 0x00000000 0xf72ec8f0
0xffdcc818: 0x00000019 0xf743da38 0xf743da38 0xf72ec8f0
0xffdcc828: 0xf731a000 0xf72ec8f0 0xf73620c0 0xf7439680
0xffdcc838: 0xf3873000 0xffdccb40 0xffdccacc 0xf740ef15
0xffdcc848: 0x00000000 0x00000000 0x00000000 0x00000000
0xffdcc858: 0xffdcc8f9 0x00000000 0xf73620c0 0xf7439680
0xffdcc868: 0x00000000 0x00000000 0x00000000 0xf73890a9
0xffdcc878: 0x00000001 0x68732f01 0x00000021 0x00000011
0xffdcc888: 0xf72ec8f0 0x00000000 0x00000000 0x00000000
0xffdcc898: 0x00000000 0x00000000 0x00000000 0x00000000
0xffdcc8a8: 0x00000000 0x00000000 0x00000000 0x00000000
0xffdcc8b8: 0x00000000 0x00000000 0x00000000 0x00000000
0xffdcc8c8: 0x00000000 0x00000000 0x00000000 0x00000000
0xffdcc8d8: 0x00000000 0x00000000 0x00000000 0x00000000
0xffdcc8e8: 0x00000021 0x00000019 0xf72ec8f0 0x614d1100
0xffdcc8f8: 0x00000000 0xdb42ca45 0xf743931c 0xf743c918
0xffdcc908: 0x00000000 0x00000000 0xdb45181b 0xffdcc940
0xffdcc918: 0x00000000 0xf737a5e7 0xdb450f05 0x00000000
0xffdcc928: 0xf3873000 0xffdccb40 0xffdccacc 0xdb450f05
0xffdcc938: 0x00000002 0x00000000 0xffdcca38 0xdb42a3db
0xffdcc948: 0xdb450f17 0xffdcca50 0xf3813480 0xf3873000
0xffdcc958: 0xf3813480 0xf379d3e0 0xf3873000 0x00000043
0xffdcc968: 0x00000043 0xdc120800




2019-05-15 21:46:28.282 677-677/? I/chatty: uid=1000(system) health@2.0-serv expire 1 line
2019-05-15 21:47:21.405 677-677/? I//vendor/bin/hw/android.hardware.health@2.0-service.marlin: SRAM data: 2621000
2019-05-15 21:47:51.326 28463-28463/f8left.shell E/F8LEFT: ------------------------> artHandle:0xd22e5bbb
2019-05-15 21:47:51.860 28463-28463/f8left.shell E/F8LEFT: ---> &pDex:0xffdcc834
2019-05-15 21:47:52.420 28463-28463/f8left.shell E/F8LEFT: ---> &len:0xffdcc830
2019-05-15 21:47:52.965 28463-28463/f8left.shell E/F8LEFT: ---> &loc:0xffdcc8a0
2019-05-15 21:47:53.471 28463-28463/f8left.shell E/F8LEFT: ---> &location:0xffdcc824
2019-05-15 21:47:53.996 28463-28463/f8left.shell E/F8LEFT: ---> &error_msg:0xffdcc818
2019-05-15 21:47:55.109 28463-28463/f8left.shell E/F8LEFT: ---> &retcookie:0xffdcc838
2019-05-15 21:48:00.119 28463-28463/f8left.shell E/F8LEFT: ---> ArtDexFileLoader_OpenCommon:0xffdcc814
2019-05-15 21:48:04.567 28463-28463/f8left.shell E/F8LEFT: ---> &dexHandle:0xffdcc810
2019-05-15 21:48:05.389 28463-28463/f8left.shell E/F8LEFT: ---> DexFileLoader_OpenCommon:0xf3a16511
2019-05-15 21:48:05.970 28463-28463/f8left.shell E/F8LEFT: ---> &DexFileLoader_OpenCommon:0xffdcc80c
2019-05-15 21:48:12.558 28463-28463/f8left.shell E/F8LEFT: ---> &rc:0xffdcc808
2019-05-15 21:48:13.053 28463-28463/f8left.shell E/F8LEFT: ---> &data_base:0xffdcc804
2019-05-15 21:48:13.620 28463-28463/f8left.shell E/F8LEFT: ---> &data_size:0xffdcc800
2019-05-15 21:48:14.257 28463-28463/f8left.shell E/F8LEFT: ---> &location_checksum:0xffdcc7fc
2019-05-15 21:48:14.737 28463-28463/f8left.shell E/F8LEFT: ---> &oat_dex_file:0xffdcc7f8
2019-05-15 21:48:15.352 28463-28463/f8left.shell E/F8LEFT: ---> &verify:0xffdcc7f7
2019-05-15 21:48:15.779 28463-28463/f8left.shell E/F8LEFT: ---> &verify_checksum:0xffdcc7f6
2019-05-15 21:48:16.330 28463-28463/f8left.shell E/F8LEFT: ---> &container:0xffdcc7f0
2019-05-15 21:48:18.395 28463-28463/f8left.shell E/F8LEFT: ---> &verify_result:0xffdcc7ec
2019-05-15 21:48:21.405 677-677/? I//vendor/bin/hw/android.hardware.health@2.0-service.marlin: SRAM data: 2621000



(lldb) disassemble --pc
libFShell.so`ArtLoader::loadFromMemory_9:
->  0xdb42cd4e <+738>: ldr    r0, [sp, #0xf4]
    0xdb42cd50 <+740>: ldr    r1, [sp, #0xf0]
    0xdb42cd52 <+742>: ldr    r2, [sp, #0x11c]
    0xdb42cd54 <+744>: ldr    r3, [sp, #0x118]
(lldb) register read sp
      sp = 0xffdcc718
(lldb) memory read/4xw 0xffdcc718 -c 150
0xffdcc718: 0xf59a06f4 0x00100003 0x0000000e 0x00010003
0xffdcc728: 0x00000002 0x0000051c 0x0000000b 0x0002106f
0xffdcc738: 0x001a0002 0x011a0004 0x20710015 0x00100003
0xffdcc748: 0x00000027 0x00000023 0x00000029 0x00000020
0xffdcc758: 0x00000026 0x0000002b 0x00000023 0x00000023
0xffdcc768: 0x0000001c 0xf2fc25a0 0x00000032 0x00000031
0xffdcc778: 0x00000023 0x81010080 0xf3a16511 0xbce09165
0xffdcc788: 0x00000034 0x0000000c 0xf342f765 0x00000023
0xffdcc798: 0x00000023 0x00000022 0x0000001d 0x0000001d
0xffdcc7a8: 0x0000001e 0x00000037 0x00000108 0xd22e5bbb
0xffdcc7b8: 0x00000027 0xf59a0000 0xf59a0000 0x000006f4
0xffdcc7c8: 0x00000080 0xffdcc8a0 0x00000002 0xf59a0000
0xffdcc7d8: 0x00002002 0x00000026 0x00000254 0xd22e5bbb
0xffdcc7e8: 0x00000005 0x00000000 0x00000000 0x0101c8f6
0xffdcc7f8: 0x00000000 0x00000000 0x00000000 0x00000000
0xffdcc808: 0xf2fc25a0 0xf3a16511 0xbce09165 0xf342f765
0xffdcc818: 0x00000000 0x00000000 0x00000000 0x00000031
0xffdcc828: 0x00000027 0xebec70e0 0x000006f4 0xf59a0000
0xffdcc838: 0xf3873000 0xffdccb40 0xffdccacc 0xf740ef15
0xffdcc848: 0x00000000 0x00000000 0x00000000 0x00000000
0xffdcc858: 0xffdcc8f9 0x00000000 0xf73620c0 0xf7439680
0xffdcc868: 0x00000000 0x00000000 0x00000000 0xf73890a9
0xffdcc878: 0x00000001 0x68732f01 0x00000021 0x00000011
0xffdcc888: 0xf72ec8f0 0x00000000 0x00000000 0x00000000
0xffdcc898: 0x00000000 0x00000000 0x6e6f6e41 0x756f6d79
0xffdcc8a8: 0x65442d73 0x6c694678 0x78304065 0x61393566
0xffdcc8b8: 0x30303030 0x6678302d 0x30613935 0x00346636
0xffdcc8c8: 0x00000000 0x00000000 0x00000000 0x00000000
0xffdcc8d8: 0x00000000 0x00000000 0x00000000 0x00000000
0xffdcc8e8: 0x00000000 0x00000000 0x00000000 0x00000000
0xffdcc8f8: 0x00000000 0x00000000 0x00000000 0x00000000
0xffdcc908: 0x00000000 0x00000000 0x00000000 0x00000000
0xffdcc918: 0x00000000 0x00000000 0xa1836ff3 0x00000000
0xffdcc928: 0xf3873000 0xffdccb40 0xffdccacc 0xdb450f05
0xffdcc938: 0x00000002 0x00000000 0xffdcca38 0xdb42a3db
0xffdcc948: 0xdb450f17 0xffdcca50 0xf3813480 0xf3873000
0xffdcc958: 0xf3813480 0xf379d3e0 0xf3873000 0x00000043
0xffdcc968: 0x00000043 0xdc120800
(lldb) frame variable
(const u1 *) pDex = 0xf59a0000 "dex\n035"
(u4) len = 1780
(char [128]) loc = "Anonymous-DexFile@0xf59a0000-0xf59a06f4"
(std::__ndk1::string) location = "Anonymous-DexFile@0xf59a0000-0xf59a06f4"
(std::__ndk1::string) error_msg = ""
(stat) retcookie = {
  st_dev = 18436834454372036608
  __pad0 = "����\x15�@�"
  __st_ino = 4148227861
  st_mode = 0
  st_nlink = 0
  st_uid = 0
  st_gid = 0
  st_rdev = 4292659449
  __pad3 = "� 6���C�
  st_size = 0
  st_blksize = 0
  st_blocks = 7526411083607703553
  st_atim = (tv_sec = 33, tv_nsec = 17)
  st_mtim = (tv_sec = -147928848, tv_nsec = 0)
  st_ctim = (tv_sec = 0, tv_nsec = 0)
  st_ino = 0
}
(void *) artHandle = 0xd22e5bbb
(void *(*)(void *, const unsigned char *, unsigned int, const unsigned char *, unsigned int, std::__ndk1::basic_string<char, std::__ndk1::char_traits<char>, std::__ndk1::allocator<char> > &, unsigned int, void *, bool, bool, std::__ndk1::basic_string<char, std::__ndk1::char_traits<char>, std::__ndk1::allocator<char> > *, void *, void *)) ArtDexFileLoader_OpenCommon = 0xf342f765 (libart.so`art::ArtDexFileLoader::OpenCommon(unsigned char const*, unsigned int, unsigned char const*, unsigned int, std::__1::basic_string<char, std::__1::char_traits<char>, std::__1::allocator<char> > const&, unsigned int, art::OatDexFile const*, bool, bool, std::__1::basic_string<char, std::__1::char_traits<char>, std::__1::allocator<char> >*, std::__1::unique_ptr<art::DexFileContainer, std::__1::default_delete<art::DexFileContainer> >, art::DexFileLoader::VerifyResult*) + 1)
(void *) dexHandle = 0xbce09165
(void *(*)(void *, const unsigned char *, unsigned int, const unsigned char *, unsigned int, std::__ndk1::basic_string<char, std::__ndk1::char_traits<char>, std::__ndk1::allocator<char> > &, unsigned int, void *, bool, bool, std::__ndk1::basic_string<char, std::__ndk1::char_traits<char>, std::__ndk1::allocator<char> > *, void *, void *)) DexFileLoader_OpenCommon = 0xf3a16511 (libdexfile.so`art::DexFileLoader::OpenCommon(unsigned char const*, unsigned int, unsigned char const*, unsigned int, std::__1::basic_string<char, std::__1::char_traits<char>, std::__1::allocator<char> > const&, unsigned int, art::OatDexFile const*, bool, bool, std::__1::basic_string<char, std::__1::char_traits<char>, std::__1::allocator<char> >*, std::__1::unique_ptr<art::DexFileContainer, std::__1::default_delete<art::DexFileContainer> >, art::DexFileLoader::VerifyResult*) + 1)
(const DexHeader *) dex_header = 0xf59a0000
(void *) rc = 0xf2fc25a0
(const u1 *) data_base = 0x00000000
(size_t) data_size = 0
(uint32_t) location_checksum = 0
(void *) oat_dex_file = 0x00000000
(bool) verify = true
(bool) verify_checksum = true
(void *) container = 0x00000000
(void *) verify_result = 0x00000000
(void *) dex_file = 0x00000002

retcookie:0xffdcc838 ~ 0xffdcc7d0(0xffdcc838 - 0x68) ?? 0xffdcc8a0(0xffdcc838 + 0x68)
>>> hex(0xffdcc718 + 0x1c)
'0xffdcc734'









(lldb) disassemble --pc
libFShell.so`ArtLoader::loadFromMemory_9:
->  0xdb42ad60 <+756>: ldr    r5, [sp, #0xe0]
    0xdb42ad62 <+758>: ldr    r6, [sp, #0xd8]
    0xdb42ad64 <+760>: ldr.w  r8, [sp, #0xd4]
    0xdb42ad68 <+764>: ldrb.w r9, [sp, #0xdf]
(lldb) s
(lldb) s
(lldb) disassemble --pc
libdexfile.so`art::DexFileLoader::OpenCommon:
->  0xf3a16510 <+0>: push.w {r4, r5, r6, r7, r8, r9, r10, r11, lr}
    0xf3a16514 <+4>: sub    sp, #0x34
    0xf3a16516 <+6>: mov    r5, r0
    0xf3a16518 <+8>: ldr    r0, [pc, #0x328]
(lldb) register read sp
      sp = 0xffdcc718
(lldb) memory read/4xw 0xffdcc718 -c 32
0xffdcc718: 0x00000000 0xffdcc824 0x00000000 0x00000000
0xffdcc728: 0x00000001 0x00000001 0xffdcc818 0x00000000
0xffdcc738: 0x00000000 0x011a0004 0x20710015 0xf3a16511
0xffdcc748: 0x00000027 0x00000023 0x00000029 0x00000020
0xffdcc758: 0x00000026 0x0000002b 0x00000023 0x00000023
0xffdcc768: 0x0000001c 0xf2fc2ba0 0x00000032 0x00000031
0xffdcc778: 0x00000023 0x81010080 0xf3a16511 0xbce09165
0xffdcc788: 0x00000034 0x0000000c 0xf342f765 0x00000023



2019-05-15 22:48:53.399 29286-29286/f8left.shell D/F8LEFT: [init:107]process is running in 32 bit
2019-05-15 22:48:53.399 29286-29286/f8left.shell D/F8LEFT: [init:110]============Global Jni Information End================
2019-05-15 22:48:53.402 29286-29286/f8left.shell E/F8LEFT: ------------------------> artHandle:0xd22e5bbb
2019-05-15 22:48:53.402 29286-29286/f8left.shell E/F8LEFT: ---> &pDex:0xffdcc834
2019-05-15 22:48:53.402 29286-29286/f8left.shell E/F8LEFT: ---> &len:0xffdcc830
2019-05-15 22:48:53.402 29286-29286/f8left.shell E/F8LEFT: ---> &loc:0xffdcc8a0
2019-05-15 22:48:53.402 29286-29286/f8left.shell E/F8LEFT: ---> &location:0xffdcc824
2019-05-15 22:48:53.402 29286-29286/f8left.shell E/F8LEFT: ---> &error_msg:0xffdcc818
2019-05-15 22:48:53.402 29286-29286/f8left.shell E/F8LEFT: ---> &retcookie:0xffdcc838
2019-05-15 22:48:53.402 29286-29286/f8left.shell E/F8LEFT: ---> ArtDexFileLoader_OpenCommon:0xffdcc814
2019-05-15 22:48:53.402 29286-29286/f8left.shell E/F8LEFT: ---> &dexHandle:0xffdcc810
2019-05-15 22:48:53.402 29286-29286/f8left.shell E/F8LEFT: ---> DexFileLoader_OpenCommon:0xf3a16511
2019-05-15 22:48:53.402 29286-29286/f8left.shell E/F8LEFT: ---> &DexFileLoader_OpenCommon:0xffdcc80c
2019-05-15 22:48:53.402 29286-29286/f8left.shell E/F8LEFT: ---> &rc:0xffdcc808
2019-05-15 22:48:53.402 29286-29286/f8left.shell E/F8LEFT: ---> &data_base:0xffdcc804
2019-05-15 22:48:53.402 29286-29286/f8left.shell E/F8LEFT: ---> &data_size:0xffdcc800
2019-05-15 22:48:53.402 29286-29286/f8left.shell E/F8LEFT: ---> &location_checksum:0xffdcc7fc
2019-05-15 22:48:53.402 29286-29286/f8left.shell E/F8LEFT: ---> &oat_dex_file:0xffdcc7f8
2019-05-15 22:48:53.402 29286-29286/f8left.shell E/F8LEFT: ---> &verify:0xffdcc7f7
2019-05-15 22:48:53.402 29286-29286/f8left.shell E/F8LEFT: ---> &verify_checksum:0xffdcc7f6
2019-05-15 22:48:53.402 29286-29286/f8left.shell E/F8LEFT: ---> &container:0xffdcc7f0
2019-05-15 22:48:53.402 29286-29286/f8left.shell E/F8LEFT: ---> &verify_result:0xffdcc7ec



/////////////////////////////////
(lldb) b 0xf3a16510
Breakpoint 23: where = libdexfile.so`art::DexFileLoader::OpenCommon(unsigned char const*, unsigned int, unsigned char const*, unsigned int, std::__1::basic_string<char, std::__1::char_traits<char>, std::__1::allocator<char> > const&, unsigned int, art::OatDexFile const*, bool, bool, std::__1::basic_string<char, std::__1::char_traits<char>, std::__1::allocator<char> >*, std::__1::unique_ptr<art::DexFileContainer, std::__1::default_delete<art::DexFileContainer> >, art::DexFileLoader::VerifyResult*), address = 0xf3a16510
(lldb) register read sp
      sp = 0xffdcc708
(lldb) memory read/4xw 0xffdcc708 -c 150
0xffdcc708: 0xf5a7b6f4 0x00100003 0x0000000e 0x00010003
0xffdcc718: 0x00000002 0x0000051c 0x0000000b 0x0002106f
0xffdcc728: 0x001a0002 0x011a0004 0x20710015 0x00100003
0xffdcc738: 0x00000027 0x00000023 0x00000029 0x00000020
0xffdcc748: 0x00000026 0x0000002b 0x00000023 0x00000023
0xffdcc758: 0x0000001c 0xf2fc2f60 0x00000032 0x00000031
0xffdcc768: 0x00000023 0x81010080 0xf3a16511 0xbce09165
0xffdcc778: 0x00000034 0x0000000c 0xf342f765 0x00000023
0xffdcc788: 0x00000023 0x00000022 0x0000001d 0x0000001d
0xffdcc798: 0x0000001e 0x00000037 0x00000108 0xd22e5bbb
0xffdcc7a8: 0x00000027 0xf5a7b000 0xf5a7b000 0x000006f4
0xffdcc7b8: 0x00000080 0xffdcc894 0x00000002 0xf5a7b000
0xffdcc7c8: 0x00002002 0x00000026 0x00000254 0xd22e5bbb
0xffdcc7d8: 0x00000005 0x00000000 0x00000000 0x0101c8f6
0xffdcc7e8: 0x00000000 0x00000000 0x00000000 0x00000000
0xffdcc7f8: 0xf2fc2f60 0xf3a16511 0xbce09165 0xf342f765
0xffdcc808: 0x00000000 0x00000000 0x00000000 0x00000031
0xffdcc818: 0x00000027 0xebec71a0 0x000006f4 0xf5a7b000
0xffdcc828: 0xf3873000 0xffdcca50 0xf3873000 0xf740ef15
0xffdcc838: 0x00000000 0x00000000 0x00000000 0x00000000
0xffdcc848: 0xffdcc8e9 0x00000000 0xf73620b0 0xf7439680
0xffdcc858: 0x00000000 0x00000000 0x00000000 0xf73890a9
0xffdcc868: 0x00000001 0x68732f01 0x00000021 0x00000011
0xffdcc878: 0xf72ec8f0 0x00000000 0x00000000 0x00000000
0xffdcc888: 0x00000000 0x00000000 0x00000000 0x6e6f6e41
0xffdcc898: 0x756f6d79 0x65442d73 0x6c694678 0x78304065
0xffdcc8a8: 0x37613566 0x30303062 0x6678302d 0x62376135
0xffdcc8b8: 0x00346636 0x00000000 0x00000000 0x00000000
0xffdcc8c8: 0x00000000 0x00000000 0x00000000 0x00000000
0xffdcc8d8: 0x00000000 0x00000000 0x00000000 0x00000000
0xffdcc8e8: 0x00000000 0x00000000 0x00000000 0x00000000
0xffdcc8f8: 0x00000000 0x00000000 0x00000000 0x00000000
0xffdcc908: 0x00000000 0x00000000 0x00000000 0xa1836ff3
0xffdcc918: 0x00000000 0xf3873000 0xffdcca50 0xdb40ef01
0xffdcc928: 0x00000002 0x00000000 0xffdcca28 0xdb3e83db
0xffdcc938: 0xdb40ef13 0xffdcca50 0xf3729bc8 0x00000000
0xffdcc948: 0xa1010004 0x00000001 0xf3813480 0xf3873000
0xffdcc958: 0xf3813480 0xf379d3e0
(lldb) s
(lldb) s
(lldb) register read sp
      sp = 0xffdcc708
(lldb) memory read/4xw 0xffdcc708 -c 32
0xffdcc708: 0xf5a7b6f4 0x00100003 0x0000000e 0x00010003
0xffdcc718: 0x00000002 0x0000051c 0x0000000b 0x0002106f
0xffdcc728: 0x001a0002 0x011a0004 0x20710015 0x00100003
0xffdcc738: 0x00000027 0x00000023 0x00000029 0x00000020
0xffdcc748: 0x00000026 0x0000002b 0x00000023 0x00000023
0xffdcc758: 0x0000001c 0xf2fc2f60 0x00000032 0x00000031
0xffdcc768: 0x00000023 0x81010080 0xf3a16511 0xbce09165
0xffdcc778: 0x00000034 0x0000000c 0xf342f765 0x00000023
(lldb) s
(lldb) disassemble --pc
libdexfile.so`art::DexFileLoader::OpenCommon:
->  0xf3a16510 <+0>: push.w {r4, r5, r6, r7, r8, r9, r10, r11, lr}
    0xf3a16514 <+4>: sub    sp, #0x34
    0xf3a16516 <+6>: mov    r5, r0
    0xf3a16518 <+8>: ldr    r0, [pc, #0x328]
(lldb) register read sp
      sp = 0xffdcc708
(lldb) memory read/4xw 0xffdcc708 -c 32
0xffdcc708: 0x00000000 0xffdcc814 0x00000000 0x00000000
0xffdcc718: 0x00000001 0x00000001 0xffdcc808 0xffdcc7e0
0xffdcc728: 0x00000000 0x011a0004 0x20710015 0xf3a16511
0xffdcc738: 0x00000027 0x00000023 0x00000029 0x00000020
0xffdcc748: 0x00000026 0x0000002b 0x00000023 0x00000023
0xffdcc758: 0x0000001c 0xf2fc2f60 0x00000032 0x00000031
0xffdcc768: 0x00000023 0x81010080 0xf3a16511 0xbce09165
0xffdcc778: 0x00000034 0x0000000c 0xf342f765 0x00000023


2019-05-15 22:55:05.912 29538-29538/f8left.shell D/F8LEFT: [init:110]============Global Jni Information End================
2019-05-15 22:55:05.914 29538-29538/f8left.shell E/F8LEFT: ------------------------> artHandle:0xd22e5bbb
2019-05-15 22:55:05.914 29538-29538/f8left.shell E/F8LEFT: ---> &pDex:0xffdcc824
2019-05-15 22:55:05.914 29538-29538/f8left.shell E/F8LEFT: ---> &len:0xffdcc820
2019-05-15 22:55:05.914 29538-29538/f8left.shell E/F8LEFT: ---> &loc:0xffdcc894
2019-05-15 22:55:05.914 29538-29538/f8left.shell E/F8LEFT: ---> &location:0xffdcc814
2019-05-15 22:55:05.914 29538-29538/f8left.shell E/F8LEFT: ---> &error_msg:0xffdcc808
2019-05-15 22:55:05.914 29538-29538/f8left.shell E/F8LEFT: ---> &retcookie:0xffdcc828
2019-05-15 22:55:05.914 29538-29538/f8left.shell E/F8LEFT: ---> ArtDexFileLoader_OpenCommon:0xffdcc804
2019-05-15 22:55:05.915 29538-29538/f8left.shell E/F8LEFT: ---> &dexHandle:0xffdcc800
2019-05-15 22:55:05.915 29538-29538/f8left.shell E/F8LEFT: ---> DexFileLoader_OpenCommon:0xf3a16511
2019-05-15 22:55:05.915 29538-29538/f8left.shell E/F8LEFT: ---> &DexFileLoader_OpenCommon:0xffdcc7fc
2019-05-15 22:55:05.915 29538-29538/f8left.shell E/F8LEFT: ---> &rc:0xffdcc7f8
2019-05-15 22:55:05.915 29538-29538/f8left.shell E/F8LEFT: ---> &data_base:0xffdcc7f4
2019-05-15 22:55:05.915 29538-29538/f8left.shell E/F8LEFT: ---> &data_size:0xffdcc7f0
2019-05-15 22:55:05.915 29538-29538/f8left.shell E/F8LEFT: ---> &location_checksum:0xffdcc7ec
2019-05-15 22:55:05.915 29538-29538/f8left.shell E/F8LEFT: ---> &oat_dex_file:0xffdcc7e8
2019-05-15 22:55:05.915 29538-29538/f8left.shell E/F8LEFT: ---> &verify:0xffdcc7e7
2019-05-15 22:55:05.915 29538-29538/f8left.shell E/F8LEFT: ---> &verify_checksum:0xffdcc7e6
2019-05-15 22:55:05.915 29538-29538/f8left.shell E/F8LEFT: ---> &container:0xffdcc7e0
2019-05-15 22:55:05.915 29538-29538/f8left.shell E/F8LEFT: ---> &verify_result:0xffdcc7dc

>>> hex(0xffdcc708 + 0x1c)
'0xffdcc724'


///////////////////////////////////////////////////////////////////////////////////////////
DexFile 参数
ldb) disassemble --pc
libdexfile.so`art::DexFileLoader::OpenCommon:
->  0xf3a16578 <+104>: strd   r1, r11, [sp, #8]
    0xf3a1657c <+108>: mov    r1, r9
    0xf3a1657e <+110>: strd   r0, r5, [sp, #16]
    0xf3a16582 <+114>: mov    r0, r4
(lldb) s
(lldb) s
(lldb) s
(lldb) s
(lldb) disassemble --pc
libdexfile.so`art::DexFileLoader::OpenCommon:
->  0xf3a16584 <+116>: bl     0xf3a11ff8                ; art::DexFile::DexFile(unsigned char const*, unsigned int, unsigned char const*, unsigned int, std::__1::basic_string<char, std::__1::char_traits<char>, std::__1::allocator<char> > const&, unsigned int, art::OatDexFile const*, std::__1::unique_ptr<art::DexFileContainer, std::__1::default_delete<art::DexFileContainer> >, bool)
    0xf3a16588 <+120>: ldr    r0, [sp, #0x20]
    0xf3a1658a <+122>: str    r5, [sp, #0x20]
    0xf3a1658c <+124>: cbz    r0, 0xf3a16594            ; <+132>
(lldb) register read sp
      sp = 0xffdcc6b0
(lldb) memory read/4xw 0xffdcc6b0 -c 150
0xffdcc6b0: 0x000006f4 0xffdcc814 0x00000000 0x00000000
0xffdcc6c0: 0xffdcc6d0 0x00000000 0x00000000 0xf2fc2f60
0xffdcc6d0: 0x00000000 0xffdcc700 0xf33b7fe5 0xdb3ea7fb
0xffdcc6e0: 0xa1836ff3 0xffdcc814 0x00000000 0x00000001
0xffdcc6f0: 0xffdcc930 0x00000001 0x00000001 0xffdcc708
0xffdcc700: 0xf3873000 0xdb3eadb1 0x00000000 0xffdcc814
0xffdcc710: 0x00000000 0x00000000 0x00000001 0x00000001
0xffdcc720: 0xffdcc808 0xffdcc7e0 0x00000000 0x011a0004
0xffdcc730: 0x20710015 0xf3a16511 0x00000027 0x00000023
0xffdcc740: 0x00000029 0x00000020 0x00000026 0x0000002b
0xffdcc750: 0x00000023 0x00000023 0x0000001c 0xf2fc2f60
0xffdcc760: 0x00000032 0x00000031 0x00000023 0x81010080
0xffdcc770: 0xf3a16511 0xbce09165 0x00000034 0x0000000c
0xffdcc780: 0xf342f765 0x00000023 0x00000023 0x00000022
0xffdcc790: 0x0000001d 0x0000001d 0x0000001e 0x00000037
0xffdcc7a0: 0x00000108 0xd22e5bbb 0x00000027 0xf5a7b000
0xffdcc7b0: 0xf5a7b000 0x000006f4 0x00000080 0xffdcc894
0xffdcc7c0: 0x00000002 0xf5a7b000 0x00002002 0x00000026
0xffdcc7d0: 0x00000254 0xd22e5bbb 0x00000005 0x00000000
0xffdcc7e0: 0x00000000 0x0101c8f6 0x00000000 0x00000000
0xffdcc7f0: 0x00000000 0x00000000 0xf2fc2f60 0xf3a16511
0xffdcc800: 0xbce09165 0xf342f765 0x00000000 0x00000000
0xffdcc810: 0x00000000 0x00000031 0x00000027 0xebec71a0
0xffdcc820: 0x000006f4 0xf5a7b000 0xf3873000 0xffdcca50
0xffdcc830: 0xf3873000 0xf740ef15 0x00000000 0x00000000
0xffdcc840: 0x00000000 0x00000000 0xffdcc8e9 0x00000000
0xffdcc850: 0xf73620b0 0xf7439680 0x00000000 0x00000000
0xffdcc860: 0x00000000 0xf73890a9 0x00000001 0x68732f01
0xffdcc870: 0x00000021 0x00000011 0xf72ec8f0 0x00000000
0xffdcc880: 0x00000000 0x00000000 0x00000000 0x00000000
0xffdcc890: 0x00000000 0x6e6f6e41 0x756f6d79 0x65442d73
0xffdcc8a0: 0x6c694678 0x78304065 0x37613566 0x30303062
0xffdcc8b0: 0x6678302d 0x62376135 0x00346636 0x00000000
0xffdcc8c0: 0x00000000 0x00000000 0x00000000 0x00000000
0xffdcc8d0: 0x00000000 0x00000000 0x00000000 0x00000000
0xffdcc8e0: 0x00000000 0x00000000 0x00000000 0x00000000
0xffdcc8f0: 0x00000000 0x00000000 0x00000000 0x00000000
0xffdcc900: 0x00000000 0x00000000


(lldb) register read --all
General Purpose Registers:
        r0 = 0xf2fc2fc0
        r1 = 0xf5a7b000
        r2 = 0x000006f4
        r3 = 0xf5a7b000
        r4 = 0xf2fc2fc0
        r5 = 0x00000000
        r6 = 0xffdcc808
        r7 = 0x000006f4
        r8 = 0xffdcc814
        r9 = 0xf5a7b000
       r10 = 0x00000000
       r11 = 0x00000000
       r12 = 0xf4d6b638  libc.so`_GLOBAL_OFFSET_TABLE_ + 160
        sp = 0xffdcc6b0
        lr = 0xf4d2e375  libc.so`je_arena_tcache_fill_small + 601
        pc = 0xf3a16584  libdexfile.so`art::DexFileLoader::OpenCommon(unsigned char const*, unsigned int, unsigned char const*, unsigned int, std::__1::basic_string<char, std::__1::char_traits<char>, std::__1::allocator<char> > const&, unsigned int, art::OatDexFile const*, bool, bool, std::__1::basic_string<char, std::__1::char_traits<char>, std::__1::allocator<char> >*, std::__1::unique_ptr<art::DexFileContainer, std::__1::default_delete<art::DexFileContainer> >, art::DexFileLoader::VerifyResult*) + 116
      cpsr = 0x600d0030

Floating Point Registers:
        s0 = 0
        s1 = 0
        s2 = 0
        s3 = 0
        s4 = 0
        s5 = 0
        s6 = 0
        s7 = 0
        s8 = 0
        s9 = 0
       s10 = 0
       s11 = 0
       s12 = 0
       s13 = 0
       s14 = 0
       s15 = 0
       s16 = 0
       s17 = 0
       s18 = 0
       s19 = 0
       s20 = 0
       s21 = 0
       s22 = 0
       s23 = 0
       s24 = 0
       s25 = 0
       s26 = 0
       s27 = 0
       s28 = 0
       s29 = 0
       s30 = 0
       s31 = 0
     fpscr = 0x20000013
        d0 = 0
        d1 = 0
        d2 = 0
        d3 = 0
        d4 = 0
        d5 = 0
        d6 = 0
        d7 = 0
        d8 = 0
        d9 = 0
       d10 = 0
       d11 = 0
       d12 = 0
       d13 = 0
       d14 = 0
       d15 = 0
       d16 = 6.57948836709315e-85
       d17 = 3.76104349424164e-85
       d18 = 2.93744652974871e-306
       d19 = 1.06516012187209e-314
       d20 = 5.92878775009496e-323
       d21 = 4.94065645841247e-324
       d22 = 8.06358400571744e-313
       d23 = 4.2439916372659e-314
       d24 = 0
       d25 = 3.23785921002061e-319
       d26 = 1.99637364020021e-310
       d27 = 5.47305154492719e-310
       d28 = 8.72140270289788e-312
       d29 = 8.72140270289788e-312
       d30 = 2.96439387504748e-323
       d31 = 1.1586097021368e-311
        q0 = {0x00 0x00 0x00 0x00 0x00 0x00 0x00 0x00 0x00 0x00 0x00 0x00 0x00 0x00 0x00 0x00}
        q1 = {0x00 0x00 0x00 0x00 0x00 0x00 0x00 0x00 0x00 0x00 0x00 0x00 0x00 0x00 0x00 0x00}
        q2 = {0x00 0x00 0x00 0x00 0x00 0x00 0x00 0x00 0x00 0x00 0x00 0x00 0x00 0x00 0x00 0x00}
        q3 = {0x00 0x00 0x00 0x00 0x00 0x00 0x00 0x00 0x00 0x00 0x00 0x00 0x00 0x00 0x00 0x00}
        q4 = {0x00 0x00 0x00 0x00 0x00 0x00 0x00 0x00 0x00 0x00 0x00 0x00 0x00 0x00 0x00 0x00}
        q5 = {0x00 0x00 0x00 0x00 0x00 0x00 0x00 0x00 0x00 0x00 0x00 0x00 0x00 0x00 0x00 0x00}
        q6 = {0x00 0x00 0x00 0x00 0x00 0x00 0x00 0x00 0x00 0x00 0x00 0x00 0x00 0x00 0x00 0x00}
        q7 = {0x00 0x00 0x00 0x00 0x00 0x00 0x00 0x00 0x00 0x00 0x00 0x00 0x00 0x00 0x00 0x00}
        q8 = {0x70 0x65 0x72 0x73 0x69 0x73 0x74 0x2e 0x6c 0x6f 0x67 0x2e 0x74 0x61 0x67 0x2e}
        q9 = {0x80 0x00 0x01 0x81 0x80 0x80 0x80 0x00 0xf8 0x8b 0x80 0x80 0x00 0x00 0x00 0x00}
       q10 = {0x0c 0x00 0x00 0x00 0x00 0x00 0x00 0x00 0x01 0x00 0x00 0x00 0x00 0x00 0x00 0x00}
       q11 = {0x01 0x00 0x00 0x00 0x26 0x00 0x00 0x00 0x70 0x00 0x00 0x00 0x02 0x00 0x00 0x00}
       q12 = {0x00 0x00 0x00 0x00 0x00 0x00 0x00 0x00 0xff 0xff 0x00 0x00 0x00 0x00 0x00 0x00}
       q13 = {0xc0 0x04 0x00 0x00 0xc0 0x24 0x00 0x00 0xc0 0x44 0x00 0x00 0xc0 0x64 0x00 0x00}
       q14 = {0x9b 0x01 0x00 0x00 0x9b 0x01 0x00 0x00 0x9b 0x01 0x00 0x00 0x9b 0x01 0x00 0x00}
       q15 = {0x06 0x00 0x00 0x00 0x00 0x00 0x00 0x00 0x22 0x02 0x00 0x00 0x22 0x02 0x00 0x00}



//////////////////////////////////////////////////////////////
调用 DexFile::Init
(lldb) disassemble --pc
libdexfile.so`art::DexFileLoader::OpenCommon:
->  0xf3a165a4 <+148>: mov    r0, r4
    0xf3a165a6 <+150>: mov    r1, r6
    0xf3a165a8 <+152>: bl     0xf3a1233e                ; art::DexFile::Init(std::__1::basic_string<char, std::__1::char_traits<char>, std::__1::allocator<char> >*)
    0xf3a165ac <+156>: cmp    r0, #0x0
(lldb) n
(lldb) n
(lldb) disassemble --pc
libdexfile.so`art::DexFileLoader::OpenCommon:
->  0xf3a165a8 <+152>: bl     0xf3a1233e                ; art::DexFile::Init(std::__1::basic_string<char, std::__1::char_traits<char>, std::__1::allocator<char> >*)
    0xf3a165ac <+156>: cmp    r0, #0x0
    0xf3a165ae <+158>: beq    0xf3a1666e                ; <+350>
    0xf3a165b0 <+160>: cmp.w  r11, #0x0
(lldb) register read sp
      sp = 0xffdcc6b0
(lldb) memory read/4xw 0xffdcc6b0 -c 150
0xffdcc6b0: 0x000006f4 0xffdcc814 0x00000000 0x00000000
0xffdcc6c0: 0xffdcc6d0 0x00000000 0x00000000 0xf2fc2f60
0xffdcc6d0: 0x00000000 0xffdcc700 0xf33b7fe5 0xdb3ea7fb
0xffdcc6e0: 0xa1836ff3 0xffdcc814 0x00000000 0x00000001
0xffdcc6f0: 0xffdcc930 0x00000001 0x00000001 0xffdcc708
0xffdcc700: 0xf3873000 0xdb3eadb1 0x00000000 0xffdcc814
0xffdcc710: 0x00000000 0x00000000 0x00000001 0x00000001
0xffdcc720: 0xffdcc808 0xffdcc7e0 0x00000000 0x011a0004
0xffdcc730: 0x20710015 0xf3a16511 0x00000027 0x00000023
0xffdcc740: 0x00000029 0x00000020 0x00000026 0x0000002b
0xffdcc750: 0x00000023 0x00000023 0x0000001c 0xf2fc2f60
0xffdcc760: 0x00000032 0x00000031 0x00000023 0x81010080
0xffdcc770: 0xf3a16511 0xbce09165 0x00000034 0x0000000c
0xffdcc780: 0xf342f765 0x00000023 0x00000023 0x00000022
0xffdcc790: 0x0000001d 0x0000001d 0x0000001e 0x00000037
0xffdcc7a0: 0x00000108 0xd22e5bbb 0x00000027 0xf5a7b000
0xffdcc7b0: 0xf5a7b000 0x000006f4 0x00000080 0xffdcc894
0xffdcc7c0: 0x00000002 0xf5a7b000 0x00002002 0x00000026
0xffdcc7d0: 0x00000254 0xd22e5bbb 0x00000005 0x00000000
0xffdcc7e0: 0x00000000 0x0101c8f6 0x00000000 0x00000000
0xffdcc7f0: 0x00000000 0x00000000 0xf2fc2f60 0xf3a16511
0xffdcc800: 0xbce09165 0xf342f765 0x00000000 0x00000000
0xffdcc810: 0x00000000 0x00000031 0x00000027 0xebec71a0
0xffdcc820: 0x000006f4 0xf5a7b000 0xf3873000 0xffdcca50
0xffdcc830: 0xf3873000 0xf740ef15 0x00000000 0x00000000
0xffdcc840: 0x00000000 0x00000000 0xffdcc8e9 0x00000000
0xffdcc850: 0xf73620b0 0xf7439680 0x00000000 0x00000000
0xffdcc860: 0x00000000 0xf73890a9 0x00000001 0x68732f01
0xffdcc870: 0x00000021 0x00000011 0xf72ec8f0 0x00000000
0xffdcc880: 0x00000000 0x00000000 0x00000000 0x00000000
0xffdcc890: 0x00000000 0x6e6f6e41 0x756f6d79 0x65442d73
0xffdcc8a0: 0x6c694678 0x78304065 0x37613566 0x30303062
0xffdcc8b0: 0x6678302d 0x62376135 0x00346636 0x00000000
0xffdcc8c0: 0x00000000 0x00000000 0x00000000 0x00000000
0xffdcc8d0: 0x00000000 0x00000000 0x00000000 0x00000000
0xffdcc8e0: 0x00000000 0x00000000 0x00000000 0x00000000
0xffdcc8f0: 0x00000000 0x00000000 0x00000000 0x00000000
0xffdcc900: 0x00000000 0x00000000
(lldb) register read --all
General Purpose Registers:
        r0 = 0xf2fc2fc0
        r1 = 0xffdcc808
        r2 = 0xf5a7b000
        r3 = 0xf2fc3004
        r4 = 0xf2fc2fc0
        r5 = 0xf2fc2f60
        r6 = 0xffdcc808
        r7 = 0x000006f4
        r8 = 0xffdcc814
        r9 = 0xf5a7b000
       r10 = 0x00000000
       r11 = 0x00000001
       r12 = 0xf2fc300c
        sp = 0xffdcc6b0
        lr = 0xf2fc3008
        pc = 0xf3a165a8  libdexfile.so`art::DexFileLoader::OpenCommon(unsigned char const*, unsigned int, unsigned char const*, unsigned int, std::__1::basic_string<char, std::__1::char_traits<char>, std::__1::allocator<char> > const&, unsigned int, art::OatDexFile const*, bool, bool, std::__1::basic_string<char, std::__1::char_traits<char>, std::__1::allocator<char> >*, std::__1::unique_ptr<art::DexFileContainer, std::__1::default_delete<art::DexFileContainer> >, art::DexFileLoader::VerifyResult*) + 152
      cpsr = 0x800d0030

Floating Point Registers:
        s0 = 1.85251e+28
        s1 = 3.03511e+32
        s2 = 5.79014e+22
        s3 = 1.12805e+27
        s4 = 1.42992e+34
        s5 = 1.34235e-05
        s6 = 6.40972e-10
        s7 = 2.93009e+23
        s8 = 0
        s9 = 0
       s10 = 0
       s11 = 0
       s12 = 0
       s13 = 0
       s14 = 0
       s15 = 0
       s16 = 0
       s17 = 0
       s18 = 0
       s19 = 0
       s20 = 0
       s21 = 0
       s22 = 0
       s23 = 0
       s24 = 0
       s25 = 0
       s26 = 0
       s27 = 0
       s28 = 0
       s29 = 0
       s30 = 0
       s31 = 0
     fpscr = 0x20000013
        d0 = 4.71886984480203e+257
        d1 = 1.70177765498456e+214
        d2 = 6.17328063509198e-42
        d3 = 4.11112525770548e+185
        d4 = 0
        d5 = 0
        d6 = 0
        d7 = 0
        d8 = 0
        d9 = 0
       d10 = 0
       d11 = 0
       d12 = 0
       d13 = 0
       d14 = 0
       d15 = 0
       d16 = 0
       d17 = 0
       d18 = 2.93744652974871e-306
       d19 = 1.06516012187209e-314
       d20 = 5.92878775009496e-323
       d21 = 4.94065645841247e-324
       d22 = 8.06358400571744e-313
       d23 = 4.2439916372659e-314
       d24 = 0
       d25 = 3.23785921002061e-319
       d26 = 1.99637364020021e-310
       d27 = 5.47305154492719e-310
       d28 = 8.72140270289788e-312
       d29 = 8.72140270289788e-312
       d30 = 2.96439387504748e-323
       d31 = 1.1586097021368e-311
        q0 = {0x41 0x6e 0x6f 0x6e 0x79 0x6d 0x6f 0x75 0x73 0x2d 0x44 0x65 0x78 0x46 0x69 0x6c}
        q1 = {0x65 0x40 0x30 0x78 0x66 0x35 0x61 0x37 0x62 0x30 0x30 0x30 0x2d 0x30 0x78 0x66}
        q2 = {0x00 0x00 0x00 0x00 0x00 0x00 0x00 0x00 0x00 0x00 0x00 0x00 0x00 0x00 0x00 0x00}
        q3 = {0x00 0x00 0x00 0x00 0x00 0x00 0x00 0x00 0x00 0x00 0x00 0x00 0x00 0x00 0x00 0x00}
        q4 = {0x00 0x00 0x00 0x00 0x00 0x00 0x00 0x00 0x00 0x00 0x00 0x00 0x00 0x00 0x00 0x00}
        q5 = {0x00 0x00 0x00 0x00 0x00 0x00 0x00 0x00 0x00 0x00 0x00 0x00 0x00 0x00 0x00 0x00}
        q6 = {0x00 0x00 0x00 0x00 0x00 0x00 0x00 0x00 0x00 0x00 0x00 0x00 0x00 0x00 0x00 0x00}
        q7 = {0x00 0x00 0x00 0x00 0x00 0x00 0x00 0x00 0x00 0x00 0x00 0x00 0x00 0x00 0x00 0x00}
        q8 = {0x00 0x00 0x00 0x00 0x00 0x00 0x00 0x00 0x00 0x00 0x00 0x00 0x00 0x00 0x00 0x00}
        q9 = {0x80 0x00 0x01 0x81 0x80 0x80 0x80 0x00 0xf8 0x8b 0x80 0x80 0x00 0x00 0x00 0x00}
       q10 = {0x0c 0x00 0x00 0x00 0x00 0x00 0x00 0x00 0x01 0x00 0x00 0x00 0x00 0x00 0x00 0x00}
       q11 = {0x01 0x00 0x00 0x00 0x26 0x00 0x00 0x00 0x70 0x00 0x00 0x00 0x02 0x00 0x00 0x00}
       q12 = {0x00 0x00 0x00 0x00 0x00 0x00 0x00 0x00 0xff 0xff 0x00 0x00 0x00 0x00 0x00 0x00}
       q13 = {0xc0 0x04 0x00 0x00 0xc0 0x24 0x00 0x00 0xc0 0x44 0x00 0x00 0xc0 0x64 0x00 0x00}
       q14 = {0x9b 0x01 0x00 0x00 0x9b 0x01 0x00 0x00 0x9b 0x01 0x00 0x00 0x9b 0x01 0x00 0x00}
       q15 = {0x06 0x00 0x00 0x00 0x00 0x00 0x00 0x00 0x22 0x02 0x00 0x00 0x22 0x02 0x00 0x00}







/////////////////////////////////////////////////////////////////////////////
(lldb) disassemble --pc
libdexfile.so`art::DexFileLoader::OpenCommon:
->  0xf3a165ce <+190>: it     eq
    0xf3a165d0 <+192>: addeq.w r3, r8, #0x1
    0xf3a165d4 <+196>: bl     0xf3a18804                ; art::DexFileVerifier::Verify(art::DexFile const*, unsigned char const*, unsigned int, char const*, bool, std::__1::basic_string<char, std::__1::char_traits<char>, std::__1::allocator<char> >*)
    0xf3a165d8 <+200>: cmp    r0, #0x0
(lldb) n
(lldb) disassemble --pc
libdexfile.so`art::DexFileLoader::OpenCommon:
->  0xf3a165d4 <+196>: bl     0xf3a18804                ; art::DexFileVerifier::Verify(art::DexFile const*, unsigned char const*, unsigned int, char const*, bool, std::__1::basic_string<char, std::__1::char_traits<char>, std::__1::allocator<char> >*)
    0xf3a165d8 <+200>: cmp    r0, #0x0
    0xf3a165da <+202>: beq    0xf3a1667a                ; <+362>
    0xf3a165dc <+204>: ldr    r1, [sp, #0x78]
(lldb) register read sp
      sp = 0xffdcc6b0
(lldb) memory read/4xw 0xffdcc6b0 -c 150
0xffdcc6b0: 0x00000001 0xffdcc808 0x00000000 0x00000000
0xffdcc6c0: 0xffdcc6d0 0x00000000 0x00000000 0xf2fc2f60
0xffdcc6d0: 0x00000000 0xffdcc700 0xf33b7fe5 0xdb3ea7fb
0xffdcc6e0: 0xa1836ff3 0xffdcc814 0x00000000 0x00000001
0xffdcc6f0: 0xffdcc930 0x00000001 0x00000001 0xffdcc708
0xffdcc700: 0xf3873000 0xdb3eadb1 0x00000000 0xffdcc814
0xffdcc710: 0x00000000 0x00000000 0x00000001 0x00000001
0xffdcc720: 0xffdcc808 0xffdcc7e0 0x00000000 0x011a0004
0xffdcc730: 0x20710015 0xf3a16511 0x00000027 0x00000023
0xffdcc740: 0x00000029 0x00000020 0x00000026 0x0000002b
0xffdcc750: 0x00000023 0x00000023 0x0000001c 0xf2fc2f60
0xffdcc760: 0x00000032 0x00000031 0x00000023 0x81010080
0xffdcc770: 0xf3a16511 0xbce09165 0x00000034 0x0000000c
0xffdcc780: 0xf342f765 0x00000023 0x00000023 0x00000022
0xffdcc790: 0x0000001d 0x0000001d 0x0000001e 0x00000037
0xffdcc7a0: 0x00000108 0xd22e5bbb 0x00000027 0xf5a7b000
0xffdcc7b0: 0xf5a7b000 0x000006f4 0x00000080 0xffdcc894
0xffdcc7c0: 0x00000002 0xf5a7b000 0x00002002 0x00000026
0xffdcc7d0: 0x00000254 0xd22e5bbb 0x00000005 0x00000000
0xffdcc7e0: 0x00000000 0x0101c8f6 0x00000000 0x00000000
0xffdcc7f0: 0x00000000 0x00000000 0xf2fc2f60 0xf3a16511
0xffdcc800: 0xbce09165 0xf342f765 0x00000000 0x00000000
0xffdcc810: 0x00000000 0x00000031 0x00000027 0xebec71a0
0xffdcc820: 0x000006f4 0xf5a7b000 0xf3873000 0xffdcca50
0xffdcc830: 0xf3873000 0xf740ef15 0x00000000 0x00000000
0xffdcc840: 0x00000000 0x00000000 0xffdcc8e9 0x00000000
0xffdcc850: 0xf73620b0 0xf7439680 0x00000000 0x00000000
0xffdcc860: 0x00000000 0xf73890a9 0x00000001 0x68732f01
0xffdcc870: 0x00000021 0x00000011 0xf72ec8f0 0x00000000
0xffdcc880: 0x00000000 0x00000000 0x00000000 0x00000000
0xffdcc890: 0x00000000 0x6e6f6e41 0x756f6d79 0x65442d73
0xffdcc8a0: 0x6c694678 0x78304065 0x37613566 0x30303062
0xffdcc8b0: 0x6678302d 0x62376135 0x00346636 0x00000000
0xffdcc8c0: 0x00000000 0x00000000 0x00000000 0x00000000
0xffdcc8d0: 0x00000000 0x00000000 0x00000000 0x00000000
0xffdcc8e0: 0x00000000 0x00000000 0x00000000 0x00000000
0xffdcc8f0: 0x00000000 0x00000000 0x00000000 0x00000000
0xffdcc900: 0x00000000 0x00000000
(lldb) register read --all
General Purpose Registers:
        r0 = 0xf2fc2fc0
        r1 = 0xf5a7b000
        r2 = 0x000006f4
        r3 = 0xebec71a0
        r4 = 0xf2fc2fc0
        r5 = 0xf2fc2f60
        r6 = 0xffdcc808
        r7 = 0x00000031
        r8 = 0xffdcc814
        r9 = 0xf5a7b000
       r10 = 0x00000000
       r11 = 0x00000001
       r12 = 0xf2fc300c
        sp = 0xffdcc6b0
        lr = 0xf3a1236b  libdexfile.so`art::DexFile::CheckMagicAndVersion(std::__1::basic_string<char, std::__1::char_traits<char>, std::__1::allocator<char> >*) const + 39
        pc = 0xf3a165d4  libdexfile.so`art::DexFileLoader::OpenCommon(unsigned char const*, unsigned int, unsigned char const*, unsigned int, std::__1::basic_string<char, std::__1::char_traits<char>, std::__1::allocator<char> > const&, unsigned int, art::OatDexFile const*, bool, bool, std::__1::basic_string<char, std::__1::char_traits<char>, std::__1::allocator<char> >*, std::__1::unique_ptr<art::DexFileContainer, std::__1::default_delete<art::DexFileContainer> >, art::DexFileLoader::VerifyResult*) + 196
      cpsr = 0x200d0030

Floating Point Registers:
        s0 = 1.85251e+28
        s1 = 3.03511e+32
        s2 = 5.79014e+22
        s3 = 1.12805e+27
        s4 = 1.42992e+34
        s5 = 1.34235e-05
        s6 = 6.40972e-10
        s7 = 2.93009e+23
        s8 = 0
        s9 = 0
       s10 = 0
       s11 = 0
       s12 = 0
       s13 = 0
       s14 = 0
       s15 = 0
       s16 = 0
       s17 = 0
       s18 = 0
       s19 = 0
       s20 = 0
       s21 = 0
       s22 = 0
       s23 = 0
       s24 = 0
       s25 = 0
       s26 = 0
       s27 = 0
       s28 = 0
       s29 = 0
       s30 = 0
       s31 = 0
     fpscr = 0x20000013
        d0 = 4.71886984480203e+257
        d1 = 1.70177765498456e+214
        d2 = 6.17328063509198e-42
        d3 = 4.11112525770548e+185
        d4 = 0
        d5 = 0
        d6 = 0
        d7 = 0
        d8 = 0
        d9 = 0
       d10 = 0
       d11 = 0
       d12 = 0
       d13 = 0
       d14 = 0
       d15 = 0
       d16 = 0
       d17 = 0
       d18 = 2.93744652974871e-306
       d19 = 1.06516012187209e-314
       d20 = 5.92878775009496e-323
       d21 = 4.94065645841247e-324
       d22 = 8.06358400571744e-313
       d23 = 4.2439916372659e-314
       d24 = 0
       d25 = 3.23785921002061e-319
       d26 = 1.99637364020021e-310
       d27 = 5.47305154492719e-310
       d28 = 8.72140270289788e-312
       d29 = 8.72140270289788e-312
       d30 = 2.96439387504748e-323
       d31 = 1.1586097021368e-311
        q0 = {0x41 0x6e 0x6f 0x6e 0x79 0x6d 0x6f 0x75 0x73 0x2d 0x44 0x65 0x78 0x46 0x69 0x6c}
        q1 = {0x65 0x40 0x30 0x78 0x66 0x35 0x61 0x37 0x62 0x30 0x30 0x30 0x2d 0x30 0x78 0x66}
        q2 = {0x00 0x00 0x00 0x00 0x00 0x00 0x00 0x00 0x00 0x00 0x00 0x00 0x00 0x00 0x00 0x00}
        q3 = {0x00 0x00 0x00 0x00 0x00 0x00 0x00 0x00 0x00 0x00 0x00 0x00 0x00 0x00 0x00 0x00}
        q4 = {0x00 0x00 0x00 0x00 0x00 0x00 0x00 0x00 0x00 0x00 0x00 0x00 0x00 0x00 0x00 0x00}
        q5 = {0x00 0x00 0x00 0x00 0x00 0x00 0x00 0x00 0x00 0x00 0x00 0x00 0x00 0x00 0x00 0x00}
        q6 = {0x00 0x00 0x00 0x00 0x00 0x00 0x00 0x00 0x00 0x00 0x00 0x00 0x00 0x00 0x00 0x00}
        q7 = {0x00 0x00 0x00 0x00 0x00 0x00 0x00 0x00 0x00 0x00 0x00 0x00 0x00 0x00 0x00 0x00}
        q8 = {0x00 0x00 0x00 0x00 0x00 0x00 0x00 0x00 0x00 0x00 0x00 0x00 0x00 0x00 0x00 0x00}
        q9 = {0x80 0x00 0x01 0x81 0x80 0x80 0x80 0x00 0xf8 0x8b 0x80 0x80 0x00 0x00 0x00 0x00}
       q10 = {0x0c 0x00 0x00 0x00 0x00 0x00 0x00 0x00 0x01 0x00 0x00 0x00 0x00 0x00 0x00 0x00}
       q11 = {0x01 0x00 0x00 0x00 0x26 0x00 0x00 0x00 0x70 0x00 0x00 0x00 0x02 0x00 0x00 0x00}
       q12 = {0x00 0x00 0x00 0x00 0x00 0x00 0x00 0x00 0xff 0xff 0x00 0x00 0x00 0x00 0x00 0x00}
       q13 = {0xc0 0x04 0x00 0x00 0xc0 0x24 0x00 0x00 0xc0 0x44 0x00 0x00 0xc0 0x64 0x00 0x00}
       q14 = {0x9b 0x01 0x00 0x00 0x9b 0x01 0x00 0x00 0x9b 0x01 0x00 0x00 0x9b 0x01 0x00 0x00}
       q15 = {0x06 0x00 0x00 0x00 0x00 0x00 0x00 0x00 0x22 0x02 0x00 0x00 0x22 0x02 0x00 0x00}





















